// Jest Snapshot v1, https://goo.gl/fbAQLP

exports[`Checkbox should match snapshot checkbox 1`] = `
<DocumentFragment>
  <div
    class="checkbox-outside-wrapper"
    data-testid="wrapper"
  >
    <label
      class="checkbox checkbox-default checkbox-medium checkbox-container"
      data-testid="container"
    >
      <input
        data-testid="checkbox"
        type="checkbox"
      />
      <span
        data-testid="span"
      >
        Snapshot Checkbox
      </span>
    </label>
  </div>
</DocumentFragment>
`;
