// Jest Snapshot v1, https://goo.gl/fbAQLP

exports[`Checkbox should match snapshot 1`] = `
<DocumentFragment>
  <label
    class="checkbox"
  >
    <span
      class="checkbox__container checkbox__container--medium"
      data-testid="span wrapper"
    >
      <input
        data-testid="input element"
        type="checkbox"
      />
      <svg
        aria-hidden="true"
        class="checkbox__svg checkbox__svg--medium checkbox__svg--default"
        data-testid="svg unchecked"
        focusable="false"
        viewBox="0 0 24 24"
      >
        <path
          d="M19 5v14H5V5h14m0-2H5c-1.1 0-2 .9-2 2v14c0 1.1.9 2 2 2h14c1.1 0 2-.9 2-2V5c0-1.1-.9-2-2-2z"
        />
      </svg>
      <span
        class="checkbox__ripple checkbox__ripple--default"
        data-testid="ripple container"
      >
        <div
          class="checkbox__ripple__container checkbox__ripple__container--medium"
        />
      </span>
    </span>
  </label>
</DocumentFragment>
`;
