// Jest Snapshot v1, https://goo.gl/fbAQLP

exports[`Dialog component should work as expected in different conditions Dialog component should match with the snapshop 1`] = `
Object {
  "asFragment": [Function],
  "baseElement": <body
    style="overflow: unset;"
  >
    <div>
      <div
        class="overlay-display"
        data-testid="dialog-window"
      >
        <div
          class="dialog"
        >
          <div
            class="dialog-window"
            data-testid="dialog-children"
          />
        </div>
        <div
          class="overlay"
          data-testid="dialog-dim-background"
        />
      </div>
    </div>
  </body>,
  "container": <div>
    <div
      class="overlay-display"
      data-testid="dialog-window"
    >
      <div
        class="dialog"
      >
        <div
          class="dialog-window"
          data-testid="dialog-children"
        />
      </div>
      <div
        class="overlay"
        data-testid="dialog-dim-background"
      />
    </div>
  </div>,
  "debug": [Function],
  "findAllByAltText": [Function],
  "findAllByDisplayValue": [Function],
  "findAllByLabelText": [Function],
  "findAllByPlaceholderText": [Function],
  "findAllByRole": [Function],
  "findAllByTestId": [Function],
  "findAllByText": [Function],
  "findAllByTitle": [Function],
  "findByAltText": [Function],
  "findByDisplayValue": [Function],
  "findByLabelText": [Function],
  "findByPlaceholderText": [Function],
  "findByRole": [Function],
  "findByTestId": [Function],
  "findByText": [Function],
  "findByTitle": [Function],
  "getAllByAltText": [Function],
  "getAllByDisplayValue": [Function],
  "getAllByLabelText": [Function],
  "getAllByPlaceholderText": [Function],
  "getAllByRole": [Function],
  "getAllByTestId": [Function],
  "getAllByText": [Function],
  "getAllByTitle": [Function],
  "getByAltText": [Function],
  "getByDisplayValue": [Function],
  "getByLabelText": [Function],
  "getByPlaceholderText": [Function],
  "getByRole": [Function],
  "getByTestId": [Function],
  "getByText": [Function],
  "getByTitle": [Function],
  "queryAllByAltText": [Function],
  "queryAllByDisplayValue": [Function],
  "queryAllByLabelText": [Function],
  "queryAllByPlaceholderText": [Function],
  "queryAllByRole": [Function],
  "queryAllByTestId": [Function],
  "queryAllByText": [Function],
  "queryAllByTitle": [Function],
  "queryByAltText": [Function],
  "queryByDisplayValue": [Function],
  "queryByLabelText": [Function],
  "queryByPlaceholderText": [Function],
  "queryByRole": [Function],
  "queryByTestId": [Function],
  "queryByText": [Function],
  "queryByTitle": [Function],
  "rerender": [Function],
  "unmount": [Function],
}
`;
