// Jest Snapshot v1, https://goo.gl/fbAQLP

exports[`Rating should match snapshot 1`] = `
<DocumentFragment>
  <div
    style="overflow: hidden;"
  >
    <span
      class=""
      data-active="false"
      data-edit="true"
      data-forhalf="★"
      data-halfindex="0"
      data-index="0"
      data-label=""
      role="star"
      style="position: relative; cursor: pointer; display: block; float: left; color: gray; font-size: 30px;"
    >
      ★
    </span>
    <span
      class=""
      data-active="false"
      data-edit="true"
      data-forhalf="★"
      data-halfindex="0"
      data-index="1"
      data-label=""
      role="star"
      style="position: relative; cursor: pointer; display: block; float: left; color: gray; font-size: 30px;"
    >
      ★
    </span>
    <span
      class=""
      data-active="false"
      data-edit="true"
      data-forhalf="★"
      data-halfindex="0"
      data-index="2"
      data-label=""
      role="star"
      style="position: relative; cursor: pointer; display: block; float: left; color: gray; font-size: 30px;"
    >
      ★
    </span>
    <span
      class=""
      data-active="false"
      data-edit="true"
      data-forhalf="★"
      data-halfindex="0"
      data-index="3"
      data-label=""
      role="star"
      style="position: relative; cursor: pointer; display: block; float: left; color: gray; font-size: 30px;"
    >
      ★
    </span>
    <span
      class=""
      data-active="false"
      data-edit="true"
      data-forhalf="★"
      data-halfindex="0"
      data-index="4"
      data-label=""
      role="star"
      style="position: relative; cursor: pointer; display: block; float: left; color: gray; font-size: 30px;"
    >
      ★
    </span>
  </div>
</DocumentFragment>
`;
