// Jest Snapshot v1, https://goo.gl/fbAQLP

exports[`Message should match snapshot 1`] = `
<DocumentFragment>
  <div>
    <div
      class="msg msg-bs"
    >
       Snapshot Message
    </div>
  </div>
</DocumentFragment>
`;

exports[`Messgae should match snapshot 1`] = `
<DocumentFragment>
  <div>
    <div
      class="msg msg-bs"
    >
       Snapshot Message
    </div>
  </div>
</DocumentFragment>
`;
