// Jest Snapshot v1, https://goo.gl/fbAQLP

exports[`Tabs should match snapshot 1`] = `
<DocumentFragment>
  <div>
    <ul
      class="tabs"
    >
      <li
        class="active"
      >
        Tab1
      </li>
    </ul>
    <div>
      <div>
        This is tab1
      </div>
    </div>
  </div>
</DocumentFragment>
`;
