// Jest Snapshot v1, https://goo.gl/fbAQLP

exports[`Accordion should match snapshot 1`] = `
<DocumentFragment>
  <div
    class="accordion"
  >
    <div
      class="accordionOption"
    >
      <div
        class="accordionOption__summary-bar"
      >
        <div
          class="accordionOption__summary"
        >
          SnapShot
        </div>
        <div
          class="accordionOption__expandIcon"
          role="icon"
        >
          <svg
            class="icon angle down"
            height="28"
            viewBox="0 0 320 512"
          >
            <path
              d="M143 352.3L7 216.3c-9.4-9.4-9.4-24.6 0-33.9l22.6-22.6c9.4-9.4 24.6-9.4 33.9 0l96.4 96.4 96.4-96.4c9.4-9.4 24.6-9.4 33.9 0l22.6 22.6c9.4 9.4 9.4 24.6 0 33.9l-136 136c-9.2 9.4-24.4 9.4-33.8 0z"
            />
          </svg>
        </div>
      </div>
      <div
        aria-expanded="true"
        class="accordionOption__detail"
        role="detail"
      >
        SnapShot
      </div>
    </div>
  </div>
</DocumentFragment>
`;
