// Jest Snapshot v1, https://goo.gl/fbAQLP

exports[`Pagination should match snapshot 1`] = `
<DocumentFragment>
  <div
    class="pagination page-filled page-small page-primary"
    data-testid="pagination"
  >
    <div
      class="page-icon"
      data-testid="prev-btn"
      id="prev-btn"
    >
      <svg
        class="icon small angle left disabled"
        height="20"
        viewBox="0 0 24 24"
      >
        <path
          d="M15.41 16.59 10.83 12l4.58-4.59L14 6l-6 6 6 6 1.41-1.41z"
          fill-opacity=".25"
        />
      </svg>
    </div>
    <div />
    <div />
    <div
      class="page-icon"
      data-testid="next-btn"
    >
      <svg
        class="icon small angle right"
        height="20"
        viewBox="0 0 24 24"
      >
        <path
          d="M8.59 16.59 13.17 12 8.59 7.41 10 6l6 6-6 6-1.41-1.41z"
        />
      </svg>
    </div>
  </div>
</DocumentFragment>
`;
