// Jest Snapshot v1, https://goo.gl/fbAQLP

exports[`Progress should match snapshot 1`] = `
<div
  role="progressbar"
  style="display: flex;"
>
  <div
    class="pg-linear pg-linear-md"
  >
    <div
      class="pg-linear-bar"
      data-testid="linear-bar"
      style="width: 0%;"
    />
  </div>
</div>
`;
