// Jest Snapshot v1, https://goo.gl/fbAQLP

exports[`Progress should match snapshot 1`] = `
<DocumentFragment>
  <div
    style="display: flex;"
  >
    <div
      class="pg-linear"
      style="width: 100%;"
    >
      <div
        class="pg-linear-bar"
        style="width: 0%;"
      />
    </div>
  </div>
</DocumentFragment>
`;
